../Core/Src/main.c:89:9:HAL_TIM_PeriodElapsedCallback	16	static
../Core/Src/main.c:107:9:tien	8	static
../Core/Src/main.c:115:12:lui	8	static
../Core/Src/main.c:123:12:quay_trai	8	static
../Core/Src/main.c:131:12:quay_phai	8	static
../Core/Src/main.c:139:12:dung_lai	8	static
../Core/Src/main.c:146:6:HAL_UART_RxCpltCallback	16	static
../Core/Src/main.c:152:6:handle	8	static
../Core/Src/main.c:190:5:main	16	static
../Core/Src/main.c:281:6:SystemClock_Config	72	static
../Core/Src/main.c:320:13:MX_I2C1_Init	8	static
../Core/Src/main.c:354:13:MX_TIM1_Init	32	static
../Core/Src/main.c:400:13:MX_TIM3_Init	56	static
../Core/Src/main.c:449:13:MX_TIM4_Init	56	static
../Core/Src/main.c:498:13:MX_USART1_UART_Init	8	static
../Core/Src/main.c:531:13:MX_GPIO_Init	32	static
../Core/Src/main.c:563:6:Error_Handler	4	static,ignoring_inline_asm
